WARNING: A terminally deprecated method in sun.misc.Unsafe has been called
WARNING: sun.misc.Unsafe::staticFieldBase has been called by com.google.inject.internal.aop.HiddenClassDefiner (file:/opt/homebrew/Cellar/maven/3.9.11/libexec/lib/guice-5.1.0-classes.jar)
WARNING: Please consider reporting this to the maintainers of class com.google.inject.internal.aop.HiddenClassDefiner
WARNING: sun.misc.Unsafe::staticFieldBase will be removed in a future release
[INFO] Scanning for projects...
[INFO] 
[INFO] ----------------------< com.makabas:user-service >----------------------
[INFO] Building user-service 1.0.0
[INFO]   from pom.xml
[INFO] --------------------------------[ jar ]---------------------------------
[INFO] 
[INFO] >>> spring-boot:3.2.2:run (default-cli) > test-compile @ user-service >>>
[INFO] 
[INFO] --- resources:3.3.1:resources (default-resources) @ user-service ---
[INFO] Copying 1 resource from src/main/resources to target/classes
[INFO] Copying 0 resource from src/main/resources to target/classes
[INFO] 
[INFO] --- compiler:3.11.0:compile (default-compile) @ user-service ---
[INFO] Changes detected - recompiling the module! :source
[INFO] Compiling 4 source files with javac [debug release 21] to target/classes
[INFO] -------------------------------------------------------------
[ERROR] COMPILATION ERROR : 
[INFO] -------------------------------------------------------------
[ERROR] /Users/virul/Dev/makabasla-v2/backend-services/user-service/src/main/java/com/makabas/userservice/controller/UserController.java:[41,45] cannot find symbol
  symbol:   method getName()
  location: variable userDetails of type com.makabas.userservice.entity.User
[ERROR] /Users/virul/Dev/makabasla-v2/backend-services/user-service/src/main/java/com/makabas/userservice/controller/UserController.java:[42,46] cannot find symbol
  symbol:   method getEmail()
  location: variable userDetails of type com.makabas.userservice.entity.User
[ERROR] /Users/virul/Dev/makabasla-v2/backend-services/user-service/src/main/java/com/makabas/userservice/controller/UserController.java:[43,46] cannot find symbol
  symbol:   method getPhone()
  location: variable userDetails of type com.makabas.userservice.entity.User
[INFO] 3 errors 
[INFO] -------------------------------------------------------------
[INFO] ------------------------------------------------------------------------
[INFO] BUILD FAILURE
[INFO] ------------------------------------------------------------------------
[INFO] Total time:  0.603 s
[INFO] Finished at: 2026-02-11T21:02:01+05:30
[INFO] ------------------------------------------------------------------------
[ERROR] Failed to execute goal org.apache.maven.plugins:maven-compiler-plugin:3.11.0:compile (default-compile) on project user-service: Compilation failure: Compilation failure: 
[ERROR] /Users/virul/Dev/makabasla-v2/backend-services/user-service/src/main/java/com/makabas/userservice/controller/UserController.java:[41,45] cannot find symbol
[ERROR]   symbol:   method getName()
[ERROR]   location: variable userDetails of type com.makabas.userservice.entity.User
[ERROR] /Users/virul/Dev/makabasla-v2/backend-services/user-service/src/main/java/com/makabas/userservice/controller/UserController.java:[42,46] cannot find symbol
[ERROR]   symbol:   method getEmail()
[ERROR]   location: variable userDetails of type com.makabas.userservice.entity.User
[ERROR] /Users/virul/Dev/makabasla-v2/backend-services/user-service/src/main/java/com/makabas/userservice/controller/UserController.java:[43,46] cannot find symbol
[ERROR]   symbol:   method getPhone()
[ERROR]   location: variable userDetails of type com.makabas.userservice.entity.User
[ERROR] -> [Help 1]
[ERROR] 
[ERROR] To see the full stack trace of the errors, re-run Maven with the -e switch.
[ERROR] Re-run Maven using the -X switch to enable full debug logging.
[ERROR] 
[ERROR] For more information about the errors and possible solutions, please read the following articles:
[ERROR] [Help 1] http://cwiki.apache.org/confluence/display/MAVEN/MojoFailureException
